#Comandos GIT

marcelo@Marcelo-HP-Pavilion-G4:~/workspace/repositorio-git-docs$ git --version
git version 2.34.1
marcelo@Marcelo-HP-Pavilion-G4:~/workspace/repositorio-git-docs$ git config --global user.name "marcelogsrodrigues"
marcelo@Marcelo-HP-Pavilion-G4:~/workspace/repositorio-git-docs$ git config --global user.email "mgsr02@gmail.com"
marcelo@Marcelo-HP-Pavilion-G4:~/workspace/repositorio-git-docs$ ls -lha
total 12K
drwxrwxr-x 2 marcelo marcelo 4,0K jun  9 11:09 .
drwxrwxr-x 3 marcelo marcelo 4,0K jun  9 11:07 ..
-rw-rw-r-- 1 marcelo marcelo   43 jun  9 11:08 readme.txt
marcelo@Marcelo-HP-Pavilion-G4:~/workspace/repositorio-git-docs$ git config --global user.name
marcelogsrodrigues
marcelo@Marcelo-HP-Pavilion-G4:~/workspace/repositorio-git-docs$ git init
hint: Using 'master' as the name for the initial branch. This default branch name
hint: is subject to change. To configure the initial branch name to use in all
hint: of your new repositories, which will suppress this warning, call:
hint: 
hint: 	git config --global init.defaultBranch <name>
hint: 
hint: Names commonly chosen instead of 'master' are 'main', 'trunk' and
hint: 'development'. The just-created branch can be renamed via this command:
hint: 
hint: 	git branch -m <name>
Initialized empty Git repository in /home/marcelo/workspace/repositorio-git-docs/.git/
marcelo@Marcelo-HP-Pavilion-G4:~/workspace/repositorio-git-docs$ 
marcelo@Marcelo-HP-Pavilion-G4:~/workspace/repositorio-git-docs$ 
marcelo@Marcelo-HP-Pavilion-G4:~/workspace/repositorio-git-docs$ ls -lha
total 16K
drwxrwxr-x 3 marcelo marcelo 4,0K jun  9 11:32 .
drwxrwxr-x 3 marcelo marcelo 4,0K jun  9 11:07 ..
drwxrwxr-x 7 marcelo marcelo 4,0K jun  9 11:32 .git
-rw-rw-r-- 1 marcelo marcelo   43 jun  9 11:08 readme.txt
marcelo@Marcelo-HP-Pavilion-G4:~/workspace/repositorio-git-docs$ git init
Reinitialized existing Git repository in /home/marcelo/workspace/repositorio-git-docs/.git/
marcelo@Marcelo-HP-Pavilion-G4:~/workspace/repositorio-git-docs$ 
marcelo@Marcelo-HP-Pavilion-G4:~/workspace/repositorio-git-docs$ 
marcelo@Marcelo-HP-Pavilion-G4:~/workspace/repositorio-git-docs$ git status
On branch master

No commits yet

Untracked files:
  (use "git add <file>..." to include in what will be committed)
	readme.txt

nothing added to commit but untracked files present (use "git add" to track)
marcelo@Marcelo-HP-Pavilion-G4:~/workspace/repositorio-git-docs$ git add .
marcelo@Marcelo-HP-Pavilion-G4:~/workspace/repositorio-git-docs$ git commit -m "release 0001 - 09/06/2023"
[master (root-commit) c2256fe] release 0001 - 09/06/2023
 1 file changed, 3 insertions(+)
 create mode 100644 readme.txt
marcelo@Marcelo-HP-Pavilion-G4:~/workspace/repositorio-git-docs$ git push
fatal: No configured push destination.
Either specify the URL from the command-line or configure a remote repository using

    git remote add <name> <url>

and then push using the remote name

    git push <name>

marcelo@Marcelo-HP-Pavilion-G4:~/workspace/repositorio-git-docs$ git push .
Everything up-to-date
marcelo@Marcelo-HP-Pavilion-G4:~/workspace/repositorio-git-docs$ git status
On branch master
nothing to commit, working tree clean
marcelo@Marcelo-HP-Pavilion-G4:~/workspace/repositorio-git-docs$ git log
commit c2256fe19f384bd6ffabdc7c7f8a038e60c5d058 (HEAD -> master)
Author: marcelogsrodrigues <mgsr02@gmail.com>
Date:   Fri Jun 9 11:37:08 2023 -0300

    release 0001 - 09/06/2023
marcelo@Marcelo-HP-Pavilion-G4:~/workspace/repositorio-git-docs$ code .
^C
marcelo@Marcelo-HP-Pavilion-G4:~/workspace/repositorio-git-docs$ git config --global core.editor
marcelo@Marcelo-HP-Pavilion-G4:~/workspace/repositorio-git-docs$ 



