#Comandos GIT

#APRENDENDO SOBRE GIT com DEV MASTER TEAM

marcelo@Marcelo-HP-Pavilion-G4:~/workspace/repositorio-git-docs$ git --version
git version 2.34.1
marcelo@Marcelo-HP-Pavilion-G4:~/workspace/repositorio-git-docs$ git config --global user.name "marcelogsrodrigues"
marcelo@Marcelo-HP-Pavilion-G4:~/workspace/repositorio-git-docs$ git config --global user.email "mgsr02@gmail.com"
marcelo@Marcelo-HP-Pavilion-G4:~/workspace/repositorio-git-docs$ ls -lha
total 12K
drwxrwxr-x 2 marcelo marcelo 4,0K jun  9 11:09 .
drwxrwxr-x 3 marcelo marcelo 4,0K jun  9 11:07 ..
-rw-rw-r-- 1 marcelo marcelo   43 jun  9 11:08 readme.txt
marcelo@Marcelo-HP-Pavilion-G4:~/workspace/repositorio-git-docs$ git config --global user.name
marcelogsrodrigues
marcelo@Marcelo-HP-Pavilion-G4:~/workspace/repositorio-git-docs$ git init
hint: Using 'master' as the name for the initial branch. This default branch name
hint: is subject to change. To configure the initial branch name to use in all
hint: of your new repositories, which will suppress this warning, call:
hint: 
hint: 	git config --global init.defaultBranch <name>
hint: 
hint: Names commonly chosen instead of 'master' are 'main', 'trunk' and
hint: 'development'. The just-created branch can be renamed via this command:
hint: 
hint: 	git branch -m <name>
Initialized empty Git repository in /home/marcelo/workspace/repositorio-git-docs/.git/
marcelo@Marcelo-HP-Pavilion-G4:~/workspace/repositorio-git-docs$ 
marcelo@Marcelo-HP-Pavilion-G4:~/workspace/repositorio-git-docs$ 
marcelo@Marcelo-HP-Pavilion-G4:~/workspace/repositorio-git-docs$ ls -lha
total 16K
drwxrwxr-x 3 marcelo marcelo 4,0K jun  9 11:32 .
drwxrwxr-x 3 marcelo marcelo 4,0K jun  9 11:07 ..
drwxrwxr-x 7 marcelo marcelo 4,0K jun  9 11:32 .git
-rw-rw-r-- 1 marcelo marcelo   43 jun  9 11:08 readme.txt
marcelo@Marcelo-HP-Pavilion-G4:~/workspace/repositorio-git-docs$ git init
Reinitialized existing Git repository in /home/marcelo/workspace/repositorio-git-docs/.git/
marcelo@Marcelo-HP-Pavilion-G4:~/workspace/repositorio-git-docs$ 
marcelo@Marcelo-HP-Pavilion-G4:~/workspace/repositorio-git-docs$ 
marcelo@Marcelo-HP-Pavilion-G4:~/workspace/repositorio-git-docs$ git status
On branch master

No commits yet

Untracked files:
  (use "git add <file>..." to include in what will be committed)
	readme.txt

nothing added to commit but untracked files present (use "git add" to track)
marcelo@Marcelo-HP-Pavilion-G4:~/workspace/repositorio-git-docs$ git add .
marcelo@Marcelo-HP-Pavilion-G4:~/workspace/repositorio-git-docs$ git commit -m "release 0001 - 09/06/2023"
[master (root-commit) c2256fe] release 0001 - 09/06/2023
 1 file changed, 3 insertions(+)
 create mode 100644 readme.txt
marcelo@Marcelo-HP-Pavilion-G4:~/workspace/repositorio-git-docs$ git push
fatal: No configured push destination.
Either specify the URL from the command-line or configure a remote repository using

    git remote add <name> <url>

and then push using the remote name

    git push <name>

marcelo@Marcelo-HP-Pavilion-G4:~/workspace/repositorio-git-docs$ git push .
Everything up-to-date
marcelo@Marcelo-HP-Pavilion-G4:~/workspace/repositorio-git-docs$ git status
On branch master
nothing to commit, working tree clean
marcelo@Marcelo-HP-Pavilion-G4:~/workspace/repositorio-git-docs$ git log
commit c2256fe19f384bd6ffabdc7c7f8a038e60c5d058 (HEAD -> master)
Author: marcelogsrodrigues <mgsr02@gmail.com>
Date:   Fri Jun 9 11:37:08 2023 -0300

    release 0001 - 09/06/2023
marcelo@Marcelo-HP-Pavilion-G4:~/workspace/repositorio-git-docs$ code .
^C
marcelo@Marcelo-HP-Pavilion-G4:~/workspace/repositorio-git-docs$ git config --global core.editor
marcelo@Marcelo-HP-Pavilion-G4:~/workspace/repositorio-git-docs$ 




/home/marcelo/workspace/repositorio-git-docs

marcelo@Marcelo-HP-Pavilion-G4:~/workspace/repositorio-git-docs$ pwd
/home/marcelo/workspace/repositorio-git-docs
marcelo@Marcelo-HP-Pavilion-G4:~/workspace/repositorio-git-docs$ git checkout main
error: pathspec 'main' did not match any file(s) known to git
marcelo@Marcelo-HP-Pavilion-G4:~/workspace/repositorio-git-docs$ git pull
remote: Enumerating objects: 3, done.
remote: Counting objects: 100% (3/3), done.
remote: Total 3 (delta 0), reused 0 (delta 0), pack-reused 0
Unpacking objects: 100% (3/3), 611 bytes | 152.00 KiB/s, done.
From https://github.com/marcelogsrodrigues/repositorio-git-docs
 * [new branch]      main       -> repo-git-docs/main
Your configuration specifies to merge with the ref 'refs/heads/master'
from the remote, but no such ref was fetched.
marcelo@Marcelo-HP-Pavilion-G4:~/workspace/repositorio-git-docs$ git branch
  developer
* master
marcelo@Marcelo-HP-Pavilion-G4:~/workspace/repositorio-git-docs$ git checkout -c main
error: unknown switch `c'
usage: git checkout [<options>] <branch>
   or: git checkout [<options>] [<branch>] -- <file>...

    -b <branch>           create and checkout a new branch
    -B <branch>           create/reset and checkout a branch
    -l                    create reflog for new branch
    --guess               second guess 'git checkout <no-such-branch>' (default)
    --overlay             use overlay mode (default)
    -q, --quiet           suppress progress reporting
    --recurse-submodules[=<checkout>]
                          control recursive updating of submodules
    --progress            force progress reporting
    -m, --merge           perform a 3-way merge with the new branch
    --conflict <style>    conflict style (merge or diff3)
    -d, --detach          detach HEAD at named commit
    -t, --track           set upstream info for new branch
    -f, --force           force checkout (throw away local modifications)
    --orphan <new-branch>
                          new unparented branch
    --overwrite-ignore    update ignored files (default)
    --ignore-other-worktrees
                          do not check if another worktree is holding the given ref
    -2, --ours            checkout our version for unmerged files
    -3, --theirs          checkout their version for unmerged files
    -p, --patch           select hunks interactively
    --ignore-skip-worktree-bits
                          do not limit pathspecs to sparse entries only
    --pathspec-from-file <file>
                          read pathspec from file
    --pathspec-file-nul   with --pathspec-from-file, pathspec elements are separated with NUL character

marcelo@Marcelo-HP-Pavilion-G4:~/workspace/repositorio-git-docs$ git checkout -b main
Switched to a new branch 'main'
marcelo@Marcelo-HP-Pavilion-G4:~/workspace/repositorio-git-docs$ git branch --list
  developer
* main
  master
marcelo@Marcelo-HP-Pavilion-G4:~/workspace/repositorio-git-docs$ git branch -d master
Deleted branch master (was 2f7684d).
marcelo@Marcelo-HP-Pavilion-G4:~/workspace/repositorio-git-docs$ git branch --list
  developer
* main
marcelo@Marcelo-HP-Pavilion-G4:~/workspace/repositorio-git-docs$ ls -la
total 136
drwxrwxr-x 3 marcelo marcelo   4096 jun 26 19:22 .
drwxrwxr-x 6 marcelo marcelo   4096 jun 26 17:33 ..
drwxrwxr-x 8 marcelo marcelo   4096 jun 28 08:29 .git
-rw-rw-r-- 1 marcelo marcelo   3706 jun 26 17:41 git-comand.txt
-rw-rw-r-- 1 marcelo marcelo 116343 jun  9 12:04 git-stage-of-file.png
-rw-rw-r-- 1 marcelo marcelo     43 jun  9 11:08 readme.txt
marcelo@Marcelo-HP-Pavilion-G4:~/workspace/repositorio-git-docs$ git switch main
Already on 'main'
marcelo@Marcelo-HP-Pavilion-G4:~/workspace/repositorio-git-docs$ git branch --no-merged
  developer
marcelo@Marcelo-HP-Pavilion-G4:~/workspace/repositorio-git-docs$ git branch --merged
* main
marcelo@Marcelo-HP-Pavilion-G4:~/workspace/repositorio-git-docs$ git merge developer
Updating 2f7684d..5f7aab2
Fast-forward
 readme-developer-branch.txt | 2 ++
 1 file changed, 2 insertions(+)
 create mode 100644 readme-developer-branch.txt
marcelo@Marcelo-HP-Pavilion-G4:~/workspace/repositorio-git-docs$ git branch --merged
  developer
* main
marcelo@Marcelo-HP-Pavilion-G4:~/workspace/repositorio-git-docs$ git branch --no-merged
marcelo@Marcelo-HP-Pavilion-G4:~/workspace/repositorio-git-docs$ git push
fatal: No configured push destination.
Either specify the URL from the command-line or configure a remote repository using

    git remote add <name> <url>

and then push using the remote name

    git push <name>

marcelo@Marcelo-HP-Pavilion-G4:~/workspace/repositorio-git-docs$ git pull
There is no tracking information for the current branch.
Please specify which branch you want to merge with.
See git-pull(1) for details.

    git pull <remote> <branch>

If you wish to set tracking information for this branch you can do so with:

    git branch --set-upstream-to=<remote>/<branch> main

marcelo@Marcelo-HP-Pavilion-G4:~/workspace/repositorio-git-docs$ git branch
  developer
* main
marcelo@Marcelo-HP-Pavilion-G4:~/workspace/repositorio-git-docs$ git remote -v
main    https://github.com/marcelogsrodrigues/repositorio-git-docs.git (fetch)
main    https://github.com/marcelogsrodrigues/repositorio-git-docs.git (push)
repo-git-docs   https://github.com/marcelogsrodrigues/repositorio-git-docs.git (fetch)
repo-git-docs   https://github.com/marcelogsrodrigues/repositorio-git-docs.git (push)
marcelo@Marcelo-HP-Pavilion-G4:~/workspace/repositorio-git-docs$ git branch --set-upstream-to=https://github.com/marcelogsrodrigues/repositorio-git-docs.git/main main
error: the requested upstream branch 'https://github.com/marcelogsrodrigues/repositorio-git-docs.git/main' does not exist
hint: 
hint: If you are planning on basing your work on an upstream
hint: branch that already exists at the remote, you may need to
hint: run "git fetch" to retrieve it.
hint: 
hint: If you are planning to push out a new local branch that
hint: will track its remote counterpart, you may want to use
hint: "git push -u" to set the upstream config as you push.
marcelo@Marcelo-HP-Pavilion-G4:~/workspace/repositorio-git-docs$ git push -u
fatal: No configured push destination.
Either specify the URL from the command-line or configure a remote repository using

    git remote add <name> <url>

and then push using the remote name

    git push <name>

marcelo@Marcelo-HP-Pavilion-G4:~/workspace/repositorio-git-docs$ git push --set-upstream repo-git-docs main
To https://github.com/marcelogsrodrigues/repositorio-git-docs.git
 ! [rejected]        main -> main (non-fast-forward)
error: failed to push some refs to 'https://github.com/marcelogsrodrigues/repositorio-git-docs.git'
hint: Updates were rejected because the tip of your current branch is behind
hint: its remote counterpart. Integrate the remote changes (e.g.
hint: 'git pull ...') before pushing again.
hint: See the 'Note about fast-forwards' in 'git push --help' for details.
marcelo@Marcelo-HP-Pavilion-G4:~/workspace/repositorio-git-docs$ git pull --set-upstream repo-git-docs main
From https://github.com/marcelogsrodrigues/repositorio-git-docs
 * branch            main       -> FETCH_HEAD
hint: You have divergent branches and need to specify how to reconcile them.
hint: You can do so by running one of the following commands sometime before
hint: your next pull:
hint: 
hint:   git config pull.rebase false  # merge (the default strategy)
hint:   git config pull.rebase true   # rebase
hint:   git config pull.ff only       # fast-forward only
hint: 
hint: You can replace "git config" with "git config --global" to set a default
hint: preference for all repositories. You can also pass --rebase, --no-rebase,
hint: or --ff-only on the command line to override the configured default per
hint: invocation.
fatal: Need to specify how to reconcile divergent branches.
marcelo@Marcelo-HP-Pavilion-G4:~/workspace/repositorio-git-docs$ git branch
  developer
* main
marcelo@Marcelo-HP-Pavilion-G4:~/workspace/repositorio-git-docs$ git config pull.rebase false
marcelo@Marcelo-HP-Pavilion-G4:~/workspace/repositorio-git-docs$ 
marcelo@Marcelo-HP-Pavilion-G4:~/workspace/repositorio-git-docs$ 
marcelo@Marcelo-HP-Pavilion-G4:~/workspace/repositorio-git-docs$ 
marcelo@Marcelo-HP-Pavilion-G4:~/workspace/repositorio-git-docs$ 

marcelo@Marcelo-HP-Pavilion-G4:~/workspace/repositorio-git-docs$ 
marcelo@Marcelo-HP-Pavilion-G4:~/workspace/repositorio-git-docs$ ls -la
total 140
drwxrwxr-x 3 marcelo marcelo   4096 jun 28 09:53 .
drwxrwxr-x 6 marcelo marcelo   4096 jun 26 17:33 ..
drwxrwxr-x 8 marcelo marcelo   4096 jun 28 10:05 .git
-rw-rw-r-- 1 marcelo marcelo   3706 jun 26 17:41 git-comand.txt
-rw-rw-r-- 1 marcelo marcelo 116343 jun  9 12:04 git-stage-of-file.png
-rw-rw-r-- 1 marcelo marcelo     34 jun 28 09:53 readme-developer-branch.txt
-rw-rw-r-- 1 marcelo marcelo     43 jun  9 11:08 readme.txt
marcelo@Marcelo-HP-Pavilion-G4:~/workspace/repositorio-git-docs$ 

